// Jest Snapshot v1, https://goo.gl/fbAQLP

exports[`Selected User Page should compile 1`] = `
<bc-selected-user-page
  __ngContext__="0"
  user$={[Function Store]}
  isSelectedUserInCollection$={[Function Store]}
  store={[Function MockStore]}
>
  <bc-user-detail>
  </bc-user-detail>
</bc-selected-user-page>
`;
